
> backend@1.0.0 pretest
> npm run build:utils


> backend@1.0.0 build:utils
> esbuild utils/criticalityV2.js --bundle --platform=node --format=cjs --outfile=utils/criticality_dist.js && esbuild ../src/features/shared/erosionCoordinates.js --bundle --platform=node --format=cjs --outfile=utils/erosionCoordinates_dist.js && esbuild utils/erosionUtils.js --bundle --platform=node --format=cjs --outfile=utils/erosionUtils_dist.js && esbuild ../src/features/shared/statusUtils.js --bundle --platform=node --format=cjs --outfile=utils/statusUtils_dist.js

node.exe : 
No linha:1 caractere:1
+ & "C:\Program Files\nodejs/node.exe" "C:\Program Files\nodejs/node_mo ...
+ ~~~~~~~~~~~~~~~~~~~~~~~~~~~~~~~~~~~~~~~~~~~~~~~~~~~~~~~~~~~~~~~~~~~~~
    + CategoryInfo          : NotSpecified: (:String) [], RemoteException
    + FullyQualifiedErrorId : NativeCommandError
 
  utils\criticality_dist.js  24.1kb

Done in 40ms

  utils\erosionCoordinates_dist.js  7.4kb

Done in 11ms

  utils\erosionUtils_dist.js  33.3kb

Done in 45ms

  utils\statusUtils_dist.js  2.2kb

Done in 8ms

> backend@1.0.0 test
> jest

PASS __tests__/criticality.test.js
FAIL utils/__tests__/authMiddleware.test.js
  ÔùÅ Console

    console.error
      [Geomonitor API] Auth Error: Error: Invalid token
          at Object.<anonymous> (C:\Users\l1ma\OneDrive\Documentos\projgeo\geomonitor\backend\utils\__tests__\authMiddleware.test.js:37:67)
          at Promise.finally.completed (C:\Users\l1ma\OneDrive\Documentos\projgeo\geomonitor\backend\node_modules\jest-circus\build\jestAdapterInit.js:1557:28)
          at new Promise (<anonymous>)
          at callAsyncCircusFn (C:\Users\l1ma\OneDrive\Documentos\projgeo\geomonitor\backend\node_modules\jest-circus\build\jestAdapterInit.js:1497:10)
          at _callCircusTest (C:\Users\l1ma\OneDrive\Documentos\projgeo\geomonitor\backend\node_modules\jest-circus\build\jestAdapterInit.js:1007:40)
          at processTicksAndRejections (node:internal/process/task_queues:103:5)
          at _runTest (C:\Users\l1ma\OneDrive\Documentos\projgeo\geomonitor\backend\node_modules\jest-circus\build\jestAdapterInit.js:947:3)
          at C:\Users\l1ma\OneDrive\Documentos\projgeo\geomonitor\backend\node_modules\jest-circus\build\jestAdapterInit.js:849:7
          at _runTestsForDescribeBlock (C:\Users\l1ma\OneDrive\Documentos\projgeo\geomonitor\backend\node_modules\jest-circus\build\jestAdapterInit.js:862:11)
          at _runTestsForDescribeBlock (C:\Users\l1ma\OneDrive\Documentos\projgeo\geomonitor\backend\node_modules\jest-circus\build\jestAdapterInit.js:857:11)
          at _runTestsForDescribeBlock (C:\Users\l1ma\OneDrive\Documentos\projgeo\geomonitor\backend\node_modules\jest-circus\build\jestAdapterInit.js:857:11)
          at run (C:\Users\l1ma\OneDrive\Documentos\projgeo\geomonitor\backend\node_modules\jest-circus\build\jestAdapterInit.js:761:3)
          at runAndTransformResultsToJestFormat (C:\Users\l1ma\OneDrive\Documentos\projgeo\geomonitor\backend\node_modules\jest-circus\build\jestAdapterInit.js:1918:21)
          at jestAdapter (C:\Users\l1ma\OneDrive\Documentos\projgeo\geomonitor\backend\node_modules\jest-circus\build\runner.js:101:19)
          at runTestInternal (C:\Users\l1ma\OneDrive\Documentos\projgeo\geomonitor\backend\node_modules\jest-runner\build\testWorker.js:275:16)
          at runTest (C:\Users\l1ma\OneDrive\Documentos\projgeo\geomonitor\backend\node_modules\jest-runner\build\testWorker.js:343:7)
          at Object.worker (C:\Users\l1ma\OneDrive\Documentos\projgeo\geomonitor\backend\node_modules\jest-runner\build\testWorker.js:497:12)

    [0m [90m 22 |[39m         next()[33m;[39m
     [90m 23 |[39m     } [36mcatch[39m (error) {
    [31m[1m>[22m[39m[90m 24 |[39m         console[33m.[39merror([32m'[Geomonitor API] Auth Error:'[39m[33m,[39m error)[33m;[39m
     [90m    |[39m                 [31m[1m^[22m[39m
     [90m 25 |[39m         [36mreturn[39m res[33m.[39mstatus([35m403[39m)[33m.[39mjson({ status[33m:[39m [32m'error'[39m[33m,[39m message[33m:[39m [32m'Token de 
autentica├º├úo inv├ílido ou expirado.'[39m })[33m;[39m
     [90m 26 |[39m     }
     [90m 27 |[39m }[0m

      at error (utils/authMiddleware.js:24:17)
      at Object.<anonymous> (utils/__tests__/authMiddleware.test.js:40:13)

  ÔùÅ Auth Middleware ÔÇ║ Authorization Middlewares (requireActiveUser, requireEditor, requireAdmin) ÔÇ║ requireEditor should call next for Admin, Administrador, Editor, Gerente

    TypeError: requireEditor is not a function

    [0m [90m 110 |[39m                 next[33m.[39mmockClear()[33m;[39m
     [90m 111 |[39m                 getDb[33m.[39mmockReturnValue(createMockDb({ status[33m:[39m [32m'Ativo'[39m[33m,[39m perfil[33m:[39m role }))[33m;[39m
    [31m[1m>[22m[39m[90m 112 |[39m                 [36mawait[39m requireEditor(req[33m,[39m res[33m,[39m next)[33m;[39m
     [90m     |[39m                       [31m[1m^[22m[39m
     [90m 113 |[39m                 expect(next)[33m.[39mtoHaveBeenCalled()[33m;[39m
     [90m 114 |[39m             }
     [90m 115 |[39m         })[33m;[39m[0m

      at Object.requireEditor (utils/__tests__/authMiddleware.test.js:112:23)

  ÔùÅ Auth Middleware ÔÇ║ Authorization Middlewares (requireActiveUser, requireEditor, requireAdmin) ÔÇ║ requireEditor should return 403 for Utilizador

    TypeError: requireEditor is not a function

    [0m [90m 117 |[39m         it([32m'requireEditor should return 403 for Utilizador'[39m[33m,[39m [36masync[39m () [33m=>[39m {
     [90m 118 |[39m             getDb[33m.[39mmockReturnValue(createMockDb({ status[33m:[39m [32m'Ativo'[39m[33m,[39m perfil[33m:[39m [32m'Utilizador'[39m }))[33m;[39m
    [31m[1m>[22m[39m[90m 119 |[39m             [36mawait[39m requireEditor(req[33m,[39m res[33m,[39m next)[33m;[39m
     [90m     |[39m                   [31m[1m^[22m[39m
     [90m 120 |[39m             expect(res[33m.[39mstatus)[33m.[39mtoHaveBeenCalledWith([35m403[39m)[33m;[39m
     [90m 121 |[39m             expect(next)[33m.[39mnot[33m.[39mtoHaveBeenCalled()[33m;[39m
     [90m 122 |[39m         })[33m;[39m[0m

      at Object.requireEditor (utils/__tests__/authMiddleware.test.js:119:19)

  ÔùÅ Auth Middleware ÔÇ║ Authorization Middlewares (requireActiveUser, requireEditor, requireAdmin) ÔÇ║ requireAdmin should call next for Admin, Administrador

    TypeError: requireAdmin is not a function

    [0m [90m 128 |[39m                 next[33m.[39mmockClear()[33m;[39m
     [90m 129 |[39m                 getDb[33m.[39mmockReturnValue(createMockDb({ status[33m:[39m [32m'Ativo'[39m[33m,[39m perfil[33m:[39m role }))[33m;[39m
    [31m[1m>[22m[39m[90m 130 |[39m                 [36mawait[39m requireAdmin(req[33m,[39m res[33m,[39m next)[33m;[39m
     [90m     |[39m                       [31m[1m^[22m[39m
     [90m 131 |[39m                 expect(next)[33m.[39mtoHaveBeenCalled()[33m;[39m
     [90m 132 |[39m             }
     [90m 133 |[39m         })[33m;[39m[0m

      at Object.requireAdmin (utils/__tests__/authMiddleware.test.js:130:23)

  ÔùÅ Auth Middleware ÔÇ║ Authorization Middlewares (requireActiveUser, requireEditor, requireAdmin) ÔÇ║ requireAdmin should return 403 for Editor

    TypeError: requireAdmin is not a function

    [0m [90m 135 |[39m         it([32m'requireAdmin should return 403 for Editor'[39m[33m,[39m [36masync[39m () [33m=>[39m {
     [90m 136 |[39m             getDb[33m.[39mmockReturnValue(createMockDb({ status[33m:[39m [32m'Ativo'[39m[33m,[39m perfil[33m:[39m [32m'Editor'[39m }))[33m;[39m
    [31m[1m>[22m[39m[90m 137 |[39m             [36mawait[39m requireAdmin(req[33m,[39m res[33m,[39m next)[33m;[39m
     [90m     |[39m                   [31m[1m^[22m[39m
     [90m 138 |[39m             expect(res[33m.[39mstatus)[33m.[39mtoHaveBeenCalledWith([35m403[39m)[33m;[39m
     [90m 139 |[39m             expect(next)[33m.[39mnot[33m.[39mtoHaveBeenCalled()[33m;[39m
     [90m 140 |[39m         })[33m;[39m[0m

      at Object.requireAdmin (utils/__tests__/authMiddleware.test.js:137:19)

PASS __tests__/health.test.js
  ÔùÅ Console

    console.log
      [dotenv@17.3.1] injecting env (0) from .env -- tip: ­ƒøá´©Å  run anywhere with `dotenvx run -- yourcommand`

      at _log (node_modules/dotenv/lib/main.js:139:11)

PASS __tests__/inspections.test.js
  ÔùÅ Console

    console.log
      [dotenv@17.3.1] injecting env (0) from .env -- tip: ­ƒöÉ prevent building .env in docker: https://dotenvx.com/prebuild

      at _log (node_modules/dotenv/lib/main.js:139:11)

FAIL __tests__/licenses.test.js
  ÔùÅ Console

    console.log
      [dotenv@17.3.1] injecting env (0) from .env -- tip: ­ƒøá´©Å  run anywhere with `dotenvx run -- yourcommand`

      at _log (node_modules/dotenv/lib/main.js:139:11)

  ÔùÅ Licenses API Integration Tests (Mocked DB) ÔÇ║ POST without id returns 400

    expect(received).toBe(expected) // Object.is equality

    Expected: 400
    Received: 201

    [0m [90m  97 |[39m             [33m.[39msend({ data[33m:[39m { projetoId[33m:[39m [32m'P-100'[39m } })[33m;[39m
     [90m  98 |[39m
    [31m[1m>[22m[39m[90m  99 |[39m         expect(response[33m.[39mstatus)[33m.[39mtoBe([35m400[39m)[33m;[39m
     [90m     |[39m                                 [31m[1m^[22m[39m
     [90m 100 |[39m         expect(response[33m.[39mbody[33m.[39mstatus)[33m.[39mtoBe([32m'error'[39m)[33m;[39m
     [90m 101 |[39m     })[33m;[39m
     [90m 102 |[39m })[33m;[39m[0m

      at Object.toBe (__tests__/licenses.test.js:99:33)

FAIL __tests__/projects.test.js
  ÔùÅ Console

    console.log
      [dotenv@17.3.1] injecting env (0) from .env -- tip: ­ƒöÉ encrypt with Dotenvx: https://dotenvx.com

      at _log (node_modules/dotenv/lib/main.js:139:11)

  ÔùÅ Projects API Integration Tests (Mocked DB) ÔÇ║ POST /api/projects without id returns 400

    expect(received).toBe(expected) // Object.is equality

    Expected: 400
    Received: 201

    [0m [90m 106 |[39m             [33m.[39msend({ data[33m:[39m { nome[33m:[39m [32m'Sem ID'[39m } })[33m;[39m
     [90m 107 |[39m
    [31m[1m>[22m[39m[90m 108 |[39m         expect(response[33m.[39mstatus)[33m.[39mtoBe([35m400[39m)[33m;[39m
     [90m     |[39m                                 [31m[1m^[22m[39m
     [90m 109 |[39m         expect(response[33m.[39mbody[33m.[39mstatus)[33m.[39mtoBe([32m'error'[39m)[33m;[39m
     [90m 110 |[39m     })[33m;[39m
     [90m 111 |[39m })[33m;[39m[0m

      at Object.toBe (__tests__/projects.test.js:108:33)

Test Suites: 3 failed, 3 passed, 6 total
Tests:       6 failed, 29 passed, 35 total
Snapshots:   0 total
Time:        2.986 s, estimated 4 s
Ran all test suites.
