// Vitest Snapshot v1, https://vitest.dev/guide/snapshot.html

exports[`buildDocModel (fixture compartilhada com o worker) > snapshot estrutural — mudou aqui, muda o renderer Python junto 1`] = `
{
  "blocks": [
    {
      "kind": "heading1",
      "text": "1 INTRODUÇÃO",
    },
    {
      "kind": "paragraphs",
      "texts": [
        "O presente relatório apresenta de forma resumida as atividades realizadas no período de 16 de abril a 15 de maio de 2026, realizadas pelos engenheiros Matheus Lima e Victor Britto.",
        "Os profissionais estão vinculados ao contrato nº 30001490 — ELETROBRAS — APOIO À FISCALIZAÇÃO DE OBRAS DE TRANSMISSÃO, firmado entre a contratante AXIA ENERGIA e a contratada CONCREMAT ENGENHARIA E TECNOLOGIA S.A.",
      ],
    },
    {
      "kind": "heading1",
      "text": "2 ATIVIDADES REALIZADAS NO PERÍODO",
    },
    {
      "kind": "paragraphs",
      "texts": [
        "As atividades são realizadas conforme solicitação da contratante a cada um dos engenheiros, conforme demonstrado a seguir.",
      ],
    },
    {
      "kind": "heading2",
      "text": "2.1 Atividades que o eng. Matheus Lima realizou",
    },
    {
      "kind": "paragraphs",
      "texts": [
        "As atividades realizadas no período deste relatório foram distribuídas na seguinte disposição:",
      ],
    },
    {
      "engineerId": "MRE-1",
      "kind": "quadro",
      "quadroStyle": "marcador",
      "weeks": [
        [
          {
            "activities": [],
            "dateKey": "2026-04-12",
            "dayNum": 12,
            "holidayName": null,
            "inRange": false,
            "isWeekend": true,
          },
          {
            "activities": [],
            "dateKey": "2026-04-13",
            "dayNum": 13,
            "holidayName": null,
            "inRange": false,
            "isWeekend": false,
          },
          {
            "activities": [],
            "dateKey": "2026-04-14",
            "dayNum": 14,
            "holidayName": null,
            "inRange": false,
            "isWeekend": false,
          },
          {
            "activities": [],
            "dateKey": "2026-04-15",
            "dayNum": 15,
            "holidayName": null,
            "inRange": false,
            "isWeekend": false,
          },
          {
            "activities": [
              {
                "category": "relatorio",
                "description": "LT 500kv Bom Despacho Ouro Preto - Monitoramento de Processos Erosivos.",
                "isFirstDay": true,
              },
            ],
            "dateKey": "2026-04-16",
            "dayNum": 16,
            "holidayName": null,
            "inRange": true,
            "isWeekend": false,
          },
          {
            "activities": [
              {
                "category": "relatorio",
                "description": "LT 500kv Bom Despacho Ouro Preto - Monitoramento de Processos Erosivos.",
                "isFirstDay": false,
              },
            ],
            "dateKey": "2026-04-17",
            "dayNum": 17,
            "holidayName": null,
            "inRange": true,
            "isWeekend": false,
          },
          {
            "activities": [],
            "dateKey": "2026-04-18",
            "dayNum": 18,
            "holidayName": null,
            "inRange": true,
            "isWeekend": true,
          },
        ],
        [
          {
            "activities": [],
            "dateKey": "2026-04-19",
            "dayNum": 19,
            "holidayName": null,
            "inRange": true,
            "isWeekend": true,
          },
          {
            "activities": [
              {
                "category": "relatorio",
                "description": "LT 500kv Bom Despacho Ouro Preto - Monitoramento de Processos Erosivos.",
                "isFirstDay": false,
              },
            ],
            "dateKey": "2026-04-20",
            "dayNum": 20,
            "holidayName": null,
            "inRange": true,
            "isWeekend": false,
          },
          {
            "activities": [],
            "dateKey": "2026-04-21",
            "dayNum": 21,
            "holidayName": "Tiradentes",
            "inRange": true,
            "isWeekend": false,
          },
          {
            "activities": [
              {
                "category": "relatorio",
                "description": "LT 500kv Bom Despacho Ouro Preto - Monitoramento de Processos Erosivos.",
                "isFirstDay": false,
              },
              {
                "category": "doc",
                "description": "Busca e revisão de documentos técnicos Fase 1 PNI parte alta.",
                "isFirstDay": true,
              },
            ],
            "dateKey": "2026-04-22",
            "dayNum": 22,
            "holidayName": null,
            "inRange": true,
            "isWeekend": false,
          },
          {
            "activities": [],
            "dateKey": "2026-04-23",
            "dayNum": 23,
            "holidayName": "São Jorge",
            "inRange": true,
            "isWeekend": false,
          },
          {
            "activities": [
              {
                "category": "relatorio",
                "description": "LT 500kv Bom Despacho Ouro Preto - Monitoramento de Processos Erosivos.",
                "isFirstDay": false,
              },
              {
                "category": "doc",
                "description": "Busca e revisão de documentos técnicos Fase 1 PNI parte alta.",
                "isFirstDay": false,
              },
            ],
            "dateKey": "2026-04-24",
            "dayNum": 24,
            "holidayName": null,
            "inRange": true,
            "isWeekend": false,
          },
          {
            "activities": [],
            "dateKey": "2026-04-25",
            "dayNum": 25,
            "holidayName": null,
            "inRange": true,
            "isWeekend": true,
          },
        ],
        [
          {
            "activities": [],
            "dateKey": "2026-04-26",
            "dayNum": 26,
            "holidayName": null,
            "inRange": true,
            "isWeekend": true,
          },
          {
            "activities": [
              {
                "category": "doc",
                "description": "Busca e revisão de documentos técnicos Fase 1 PNI parte alta.",
                "isFirstDay": false,
              },
            ],
            "dateKey": "2026-04-27",
            "dayNum": 27,
            "holidayName": null,
            "inRange": true,
            "isWeekend": false,
          },
          {
            "activities": [
              {
                "category": "doc",
                "description": "Busca e revisão de documentos técnicos Fase 1 PNI parte alta.",
                "isFirstDay": false,
              },
              {
                "category": "vistoria",
                "description": "PNI Parte alta ETE e ETA",
                "isFirstDay": true,
              },
            ],
            "dateKey": "2026-04-28",
            "dayNum": 28,
            "holidayName": null,
            "inRange": true,
            "isWeekend": false,
          },
          {
            "activities": [
              {
                "category": "doc",
                "description": "Busca e revisão de documentos técnicos Fase 1 PNI parte alta.",
                "isFirstDay": false,
              },
              {
                "category": "vistoria",
                "description": "PNI Parte alta ETE e ETA",
                "isFirstDay": false,
              },
            ],
            "dateKey": "2026-04-29",
            "dayNum": 29,
            "holidayName": null,
            "inRange": true,
            "isWeekend": false,
          },
          {
            "activities": [
              {
                "category": "vistoria",
                "description": "PNI Parte alta ETE e ETA",
                "isFirstDay": false,
              },
            ],
            "dateKey": "2026-04-30",
            "dayNum": 30,
            "holidayName": null,
            "inRange": true,
            "isWeekend": false,
          },
          {
            "activities": [],
            "dateKey": "2026-05-01",
            "dayNum": 1,
            "holidayName": "Dia do Trabalho",
            "inRange": true,
            "isWeekend": false,
          },
          {
            "activities": [],
            "dateKey": "2026-05-02",
            "dayNum": 2,
            "holidayName": null,
            "inRange": true,
            "isWeekend": true,
          },
        ],
        [
          {
            "activities": [],
            "dateKey": "2026-05-03",
            "dayNum": 3,
            "holidayName": null,
            "inRange": true,
            "isWeekend": true,
          },
          {
            "activities": [
              {
                "category": "geo",
                "description": "Desenho técnico licenciamento SE Santa Cruz.",
                "isFirstDay": true,
              },
            ],
            "dateKey": "2026-05-04",
            "dayNum": 4,
            "holidayName": null,
            "inRange": true,
            "isWeekend": false,
          },
          {
            "activities": [
              {
                "category": "geo",
                "description": "Desenho técnico licenciamento SE Santa Cruz.",
                "isFirstDay": false,
              },
            ],
            "dateKey": "2026-05-05",
            "dayNum": 5,
            "holidayName": null,
            "inRange": true,
            "isWeekend": false,
          },
          {
            "activities": [],
            "dateKey": "2026-05-06",
            "dayNum": 6,
            "holidayName": null,
            "inRange": true,
            "isWeekend": false,
          },
          {
            "activities": [],
            "dateKey": "2026-05-07",
            "dayNum": 7,
            "holidayName": null,
            "inRange": true,
            "isWeekend": false,
          },
          {
            "activities": [],
            "dateKey": "2026-05-08",
            "dayNum": 8,
            "holidayName": null,
            "inRange": true,
            "isWeekend": false,
          },
          {
            "activities": [],
            "dateKey": "2026-05-09",
            "dayNum": 9,
            "holidayName": null,
            "inRange": true,
            "isWeekend": true,
          },
        ],
        [
          {
            "activities": [],
            "dateKey": "2026-05-10",
            "dayNum": 10,
            "holidayName": null,
            "inRange": true,
            "isWeekend": true,
          },
          {
            "activities": [],
            "dateKey": "2026-05-11",
            "dayNum": 11,
            "holidayName": null,
            "inRange": true,
            "isWeekend": false,
          },
          {
            "activities": [],
            "dateKey": "2026-05-12",
            "dayNum": 12,
            "holidayName": null,
            "inRange": true,
            "isWeekend": false,
          },
          {
            "activities": [],
            "dateKey": "2026-05-13",
            "dayNum": 13,
            "holidayName": null,
            "inRange": true,
            "isWeekend": false,
          },
          {
            "activities": [],
            "dateKey": "2026-05-14",
            "dayNum": 14,
            "holidayName": null,
            "inRange": true,
            "isWeekend": false,
          },
          {
            "activities": [],
            "dateKey": "2026-05-15",
            "dayNum": 15,
            "holidayName": null,
            "inRange": true,
            "isWeekend": false,
          },
          {
            "activities": [],
            "dateKey": "2026-05-16",
            "dayNum": 16,
            "holidayName": null,
            "inRange": false,
            "isWeekend": true,
          },
        ],
      ],
    },
    {
      "kind": "legend",
    },
    {
      "kind": "heading3",
      "text": "2.1.1 Resumo por projeto:",
    },
    {
      "kind": "paragraphs",
      "texts": [
        "Descrição das atividades desenvolvidas em cada empreendimento ao longo do período, com destaque para entregas e marcos relevantes.",
      ],
    },
    {
      "items": [
        {
          "name": "LT 500 kV Bom Despacho–Ouro Preto",
          "text": "Atividade de gabinete dedicada à elaboração do Relatório de Monitoramento de Processos Erosivos referente ao empreendimento.",
        },
        {
          "name": "SE Santa Cruz",
          "text": "Elaboração de desenho técnico em atendimento a demanda do órgão licenciador.",
        },
      ],
      "kind": "bullets",
    },
    {
      "kind": "heading2",
      "text": "2.2 Atividades que o eng. Victor Britto realizou",
    },
    {
      "kind": "paragraphs",
      "texts": [
        "As atividades realizadas no período deste relatório foram distribuídas na seguinte disposição:",
      ],
    },
    {
      "engineerId": "MRE-2",
      "kind": "quadro",
      "quadroStyle": "marcador",
      "weeks": [
        [
          {
            "activities": [],
            "dateKey": "2026-04-12",
            "dayNum": 12,
            "holidayName": null,
            "inRange": false,
            "isWeekend": true,
          },
          {
            "activities": [],
            "dateKey": "2026-04-13",
            "dayNum": 13,
            "holidayName": null,
            "inRange": false,
            "isWeekend": false,
          },
          {
            "activities": [],
            "dateKey": "2026-04-14",
            "dayNum": 14,
            "holidayName": null,
            "inRange": false,
            "isWeekend": false,
          },
          {
            "activities": [],
            "dateKey": "2026-04-15",
            "dayNum": 15,
            "holidayName": null,
            "inRange": false,
            "isWeekend": false,
          },
          {
            "activities": [
              {
                "category": "vistoria",
                "description": "Vistoria do PRAD da UHE Serra da Mesa.",
                "isFirstDay": true,
              },
            ],
            "dateKey": "2026-04-16",
            "dayNum": 16,
            "holidayName": null,
            "inRange": true,
            "isWeekend": false,
          },
          {
            "activities": [
              {
                "category": "outro",
                "description": "Logística de retorno da vistoria",
                "isFirstDay": true,
              },
            ],
            "dateKey": "2026-04-17",
            "dayNum": 17,
            "holidayName": null,
            "inRange": true,
            "isWeekend": false,
          },
          {
            "activities": [],
            "dateKey": "2026-04-18",
            "dayNum": 18,
            "holidayName": null,
            "inRange": true,
            "isWeekend": true,
          },
        ],
        [
          {
            "activities": [],
            "dateKey": "2026-04-19",
            "dayNum": 19,
            "holidayName": null,
            "inRange": true,
            "isWeekend": true,
          },
          {
            "activities": [],
            "dateKey": "2026-04-20",
            "dayNum": 20,
            "holidayName": null,
            "inRange": true,
            "isWeekend": false,
          },
          {
            "activities": [],
            "dateKey": "2026-04-21",
            "dayNum": 21,
            "holidayName": "Tiradentes",
            "inRange": true,
            "isWeekend": false,
          },
          {
            "activities": [],
            "dateKey": "2026-04-22",
            "dayNum": 22,
            "holidayName": null,
            "inRange": true,
            "isWeekend": false,
          },
          {
            "activities": [],
            "dateKey": "2026-04-23",
            "dayNum": 23,
            "holidayName": "São Jorge",
            "inRange": true,
            "isWeekend": false,
          },
          {
            "activities": [],
            "dateKey": "2026-04-24",
            "dayNum": 24,
            "holidayName": null,
            "inRange": true,
            "isWeekend": false,
          },
          {
            "activities": [],
            "dateKey": "2026-04-25",
            "dayNum": 25,
            "holidayName": null,
            "inRange": true,
            "isWeekend": true,
          },
        ],
        [
          {
            "activities": [],
            "dateKey": "2026-04-26",
            "dayNum": 26,
            "holidayName": null,
            "inRange": true,
            "isWeekend": true,
          },
          {
            "activities": [],
            "dateKey": "2026-04-27",
            "dayNum": 27,
            "holidayName": null,
            "inRange": true,
            "isWeekend": false,
          },
          {
            "activities": [],
            "dateKey": "2026-04-28",
            "dayNum": 28,
            "holidayName": null,
            "inRange": true,
            "isWeekend": false,
          },
          {
            "activities": [],
            "dateKey": "2026-04-29",
            "dayNum": 29,
            "holidayName": null,
            "inRange": true,
            "isWeekend": false,
          },
          {
            "activities": [],
            "dateKey": "2026-04-30",
            "dayNum": 30,
            "holidayName": null,
            "inRange": true,
            "isWeekend": false,
          },
          {
            "activities": [],
            "dateKey": "2026-05-01",
            "dayNum": 1,
            "holidayName": "Dia do Trabalho",
            "inRange": true,
            "isWeekend": false,
          },
          {
            "activities": [],
            "dateKey": "2026-05-02",
            "dayNum": 2,
            "holidayName": null,
            "inRange": true,
            "isWeekend": true,
          },
        ],
        [
          {
            "activities": [],
            "dateKey": "2026-05-03",
            "dayNum": 3,
            "holidayName": null,
            "inRange": true,
            "isWeekend": true,
          },
          {
            "activities": [],
            "dateKey": "2026-05-04",
            "dayNum": 4,
            "holidayName": null,
            "inRange": true,
            "isWeekend": false,
          },
          {
            "activities": [],
            "dateKey": "2026-05-05",
            "dayNum": 5,
            "holidayName": null,
            "inRange": true,
            "isWeekend": false,
          },
          {
            "activities": [
              {
                "category": "reuniao",
                "description": "Reunião com a FUNAI e elaboração de relatório da vistoria",
                "isFirstDay": true,
              },
            ],
            "dateKey": "2026-05-06",
            "dayNum": 6,
            "holidayName": null,
            "inRange": true,
            "isWeekend": false,
          },
          {
            "activities": [],
            "dateKey": "2026-05-07",
            "dayNum": 7,
            "holidayName": null,
            "inRange": true,
            "isWeekend": false,
          },
          {
            "activities": [],
            "dateKey": "2026-05-08",
            "dayNum": 8,
            "holidayName": null,
            "inRange": true,
            "isWeekend": false,
          },
          {
            "activities": [],
            "dateKey": "2026-05-09",
            "dayNum": 9,
            "holidayName": null,
            "inRange": true,
            "isWeekend": true,
          },
        ],
        [
          {
            "activities": [],
            "dateKey": "2026-05-10",
            "dayNum": 10,
            "holidayName": null,
            "inRange": true,
            "isWeekend": true,
          },
          {
            "activities": [],
            "dateKey": "2026-05-11",
            "dayNum": 11,
            "holidayName": null,
            "inRange": true,
            "isWeekend": false,
          },
          {
            "activities": [],
            "dateKey": "2026-05-12",
            "dayNum": 12,
            "holidayName": null,
            "inRange": true,
            "isWeekend": false,
          },
          {
            "activities": [],
            "dateKey": "2026-05-13",
            "dayNum": 13,
            "holidayName": null,
            "inRange": true,
            "isWeekend": false,
          },
          {
            "activities": [],
            "dateKey": "2026-05-14",
            "dayNum": 14,
            "holidayName": null,
            "inRange": true,
            "isWeekend": false,
          },
          {
            "activities": [],
            "dateKey": "2026-05-15",
            "dayNum": 15,
            "holidayName": null,
            "inRange": true,
            "isWeekend": false,
          },
          {
            "activities": [],
            "dateKey": "2026-05-16",
            "dayNum": 16,
            "holidayName": null,
            "inRange": false,
            "isWeekend": true,
          },
        ],
      ],
    },
    {
      "kind": "legend",
    },
    {
      "kind": "heading3",
      "text": "2.2.1 Resumo por projeto:",
    },
    {
      "kind": "paragraphs",
      "texts": [
        "Descrição das atividades desenvolvidas em cada empreendimento ao longo do período, com destaque para entregas e marcos relevantes.",
      ],
    },
    {
      "items": [
        {
          "name": "UHE Serra da Mesa",
          "text": "Realizada vistoria de campo nas áreas de PRAD da Usina Hidrelétrica Serra da Mesa.",
        },
      ],
      "kind": "bullets",
    },
    {
      "kind": "heading1",
      "text": "3 CONCLUSÃO",
    },
    {
      "kind": "paragraphs",
      "texts": [
        "No período avaliado foram realizadas campanhas de vistoria e diversas atividades de apoio técnico, contemplando inspeções de campo, elaboração de relatórios e suporte a processos de licenciamento ambiental.",
      ],
    },
  ],
  "classification": "Classificação: Interna",
  "monthLabel": "MAIO - 2026",
  "periodLabel": "Período: 16/04/2026 a 15/05/2026",
  "subtitle": "Relatório Mensal de Acompanhamento dos Serviços",
  "title": "RELATÓRIO MENSAL DE ACOMPANHAMENTO DOS SERVIÇOS",
}
`;
